src/components/shared/ChatWidget.tsx(18,70): error TS6133: 'isKicked' is declared but its value is never read.
src/components/shared/ChatWidget.tsx(33,24): error TS6133: 'setParticipants' is declared but its value is never read.
src/components/teacher/LiveDashboard.tsx(1,8): error TS6133: 'React' is declared but its value is never read.
src/pages/StudentDashboard.tsx(1,8): error TS6133: 'React' is declared but its value is never read.
src/pages/TeacherDashboard.tsx(1,1): error TS6133: 'React' is declared but its value is never read.
